﻿
> hoard-lavish-erp@1.0.0 test
> vitest run


[1m[46m RUN [49m[22m [36mv4.0.18 [39m[90mC:/Users/Dell/Desktop/hoard-lavish-erp[39m

 [32mΓ£ô[39m utils/cart.test.ts [2m([22m[2m5 tests[22m[2m)[22m[32m 10[2mms[22m[39m
 [32mΓ£ô[39m utils/generators.test.ts [2m([22m[2m3 tests[22m[2m)[22m[32m 12[2mms[22m[39m
 [32mΓ£ô[39m utils/permissions.test.ts [2m([22m[2m7 tests[22m[2m)[22m[32m 7[2mms[22m[39m
 [32mΓ£ô[39m utils/formatters.test.ts [2m([22m[2m5 tests[22m[2m)[22m[32m 42[2mms[22m[39m
 [31mΓ¥»[39m services/supabaseService.test.ts [2m([22m[2m6 tests[22m[2m | [22m[31m2 failed[39m[2m)[22m[32m 22[2mms[22m[39m
[31m     [31m├ù[31m should map flat DB row to Product object[39m[32m 14[2mms[22m[39m
     [32mΓ£ô[39m should handle null fields in mapProduct[32m 1[2mms[22m[39m
[31m     [31m├ù[31m should map flat DB row to Customer object[39m[32m 2[2mms[22m[39m
     [32mΓ£ô[39m should map flat DB row to SalesRecord object[32m 1[2mms[22m[39m
     [32mΓ£ô[39m should map flat DB row to Supplier object[32m 1[2mms[22m[39m
     [32mΓ£ô[39m should map flat DB row to User object[32m 1[2mms[22m[39m
node.exe : [90mstderr[2m | 
context/StoreContext.test.tsx[2m > [22m[2mStoreContext[2m 
> [22m[2mCart stock level checks[2m > [22m[2mshould 
prevent overselling by returning an error message if stock is 
insufficient
At C:\Program Files\nodejs\npm.ps1:29 char:3
+   & $NODE_EXE $NPM_CLI_JS $args
+   ~~~~~~~~~~~~~~~~~~~~~~~~~~~~~
    + CategoryInfo          : NotSpecified: ([90mstderr[2m. 
   ..is insufficient:String) [], RemoteException
    + FullyQualifiedErrorId : NativeCommandError
 
[22m[39mSupabase operation failed: Error: [vitest] No 
"insertProduct" export is defined on the 
"../services/supabaseService" mock. Did you forget to return 
it from "vi.mock"?
If you need to partially mock a module, you can use 
"importOriginal" helper inside:

    at VitestMocker.createError [90m(file:///C:/Users/Dell/De
sktop/hoard-lavish-erp/[39mnode_modules/[4mvitest[24m/dist/
chunks/startModuleRunner.DEj0jb3e.js:311:17[90m)[39m
    at Object.get [90m(file:///C:/Users/Dell/Desktop/hoard-la
vish-erp/[39mnode_modules/[4mvitest[24m/dist/chunks/startMo
duleRunner.DEj0jb3e.js:384:16[90m)[39m
    at C:/Users/Dell/Desktop/hoard-lavish-erp/context/StoreCon
text.tsx:264:21
    at C:/Users/Dell/Desktop/hoard-lavish-erp/context/StoreCon
text.tsx:215:13
    at Object.addProduct (C:/Users/Dell/Desktop/hoard-lavish-e
rp/context/StoreContext.tsx:264:5)
    at C:/Users/Dell/Desktop/hoard-lavish-erp/context/StoreCon
text.test.tsx:62:32
    at [90mC:\Users\Dell\Desktop\hoard-lavish-erp\[39mnode_m
odules\[4m@testing-library[24m\react\dist\act-compat.js:47:2
4
    at process.env.NODE_ENV.exports.act [90m(C:\Users\Dell\De
sktop\hoard-lavish-erp\[39mnode_modules\[4mreact[24m\cjs\re
act.development.js:814:22[90m)[39m
    at Proxy.<anonymous> [90m(C:\Users\Dell\Desktop\hoard-lav
ish-erp\[39mnode_modules\[4m@testing-library[24m\react\dist
\act-compat.js:46:25[90m)[39m
    at C:/Users/Dell/Desktop/hoard-lavish-erp/context/StoreCon
text.test.tsx:61:13 {
  codeFrame: 
[32m'vi.mock(import("../services/supabaseService"), async 
(importOriginal) => {\n'[39m +
    [32m'  const actual = await importOriginal()\n'[39m +
    [32m'  return {\n'[39m +
    [32m'    ...actual,\n'[39m +
    [32m'    // your mocked methods\n'[39m +
    [32m'  }\n'[39m +
    [32m'})'[39m
}
Supabase operation failed: Error: [vitest] No "insertBranch" 
export is defined on the "../services/supabaseService" mock. 
Did you forget to return it from "vi.mock"?
If you need to partially mock a module, you can use 
"importOriginal" helper inside:

    at VitestMocker.createError [90m(file:///C:/Users/Dell/De
sktop/hoard-lavish-erp/[39mnode_modules/[4mvitest[24m/dist/
chunks/startModuleRunner.DEj0jb3e.js:311:17[90m)[39m
    at Object.get [90m(file:///C:/Users/Dell/Desktop/hoard-la
vish-erp/[39mnode_modules/[4mvitest[24m/dist/chunks/startMo
duleRunner.DEj0jb3e.js:384:16[90m)[39m
    at C:/Users/Dell/Desktop/hoard-lavish-erp/context/StoreCon
text.tsx:240:16
    at C:/Users/Dell/Desktop/hoard-lavish-erp/context/StoreCon
text.tsx:215:13
    at Object.addBranch (C:/Users/Dell/Desktop/hoard-lavish-er
p/context/StoreContext.tsx:239:5)
    at C:/Users/Dell/Desktop/hoard-lavish-erp/context/StoreCon
text.test.tsx:43:32
    at [90mC:\Users\Dell\Desktop\hoard-lavish-erp\[39mnode_m
odules\[4m@testing-library[24m\react\dist\act-compat.js:47:2
4
    at process.env.NODE_ENV.exports.act [90m(C:\Users\Dell\De
sktop\hoard-lavish-erp\[39mnode_modules\[4mreact[24m\cjs\re
act.development.js:814:22[90m)[39m
    at Proxy.<anonymous> [90m(C:\Users\Dell\Desktop\hoard-lav
ish-erp\[39mnode_modules\[4m@testing-library[24m\react\dist
\act-compat.js:46:25[90m)[39m
    at C:/Users/Dell/Desktop/hoard-lavish-erp/context/StoreCon
text.test.tsx:41:13 {
  codeFrame: 
[32m'vi.mock(import("../services/supabaseService"), async 
(importOriginal) => {\n'[39m +
    [32m'  const actual = await importOriginal()\n'[39m +
    [32m'  return {\n'[39m +
    [32m'    ...actual,\n'[39m +
    [32m'    // your mocked methods\n'[39m +
    [32m'  }\n'[39m +
    [32m'})'[39m
}
An update to StoreProvider inside a test was not wrapped in 
act(...).

When testing, code that causes React state updates should be 
wrapped into act(...):

act(() => {
  /* fire events that update state */
});
/* assert on the output */

This ensures that you're testing the behavior the user would 
see in the browser. Learn more at 
https://react.dev/link/wrap-tests-with-act
An update to StoreProvider inside a test was not wrapped in 
act(...).

When testing, code that causes React state updates should be 
wrapped into act(...):

act(() => {
  /* fire events that update state */
});
/* assert on the output */

This ensures that you're testing the behavior the user would 
see in the browser. Learn more at 
https://react.dev/link/wrap-tests-with-act
An update to StoreProvider inside a test was not wrapped in 
act(...).

When testing, code that causes React state updates should be 
wrapped into act(...):

act(() => {
  /* fire events that update state */
});
/* assert on the output */

This ensures that you're testing the behavior the user would 
see in the browser. Learn more at 
https://react.dev/link/wrap-tests-with-act
An update to StoreProvider inside a test was not wrapped in 
act(...).

When testing, code that causes React state updates should be 
wrapped into act(...):

act(() => {
  /* fire events that update state */
});
/* assert on the output */

This ensures that you're testing the behavior the user would 
see in the browser. Learn more at 
https://react.dev/link/wrap-tests-with-act
An update to StoreProvider inside a test was not wrapped in 
act(...).

When testing, code that causes React state updates should be 
wrapped into act(...):

act(() => {
  /* fire events that update state */
});
/* assert on the output */

This ensures that you're testing the behavior the user would 
see in the browser. Learn more at 
https://react.dev/link/wrap-tests-with-act
An update to StoreProvider inside a test was not wrapped in 
act(...).

When testing, code that causes React state updates should be 
wrapped into act(...):

act(() => {
  /* fire events that update state */
});
/* assert on the output */

This ensures that you're testing the behavior the user would 
see in the browser. Learn more at 
https://react.dev/link/wrap-tests-with-act
An update to StoreProvider inside a test was not wrapped in 
act(...).

When testing, code that causes React state updates should be 
wrapped into act(...):

act(() => {
  /* fire events that update state */
});
/* assert on the output */

This ensures that you're testing the behavior the user would 
see in the browser. Learn more at 
https://react.dev/link/wrap-tests-with-act
An update to StoreProvider inside a test was not wrapped in 
act(...).

When testing, code that causes React state updates should be 
wrapped into act(...):

act(() => {
  /* fire events that update state */
});
/* assert on the output */

This ensures that you're testing the behavior the user would 
see in the browser. Learn more at 
https://react.dev/link/wrap-tests-with-act
An update to StoreProvider inside a test was not wrapped in 
act(...).

When testing, code that causes React state updates should be 
wrapped into act(...):

act(() => {
  /* fire events that update state */
});
/* assert on the output */

This ensures that you're testing the behavior the user would 
see in the browser. Learn more at 
https://react.dev/link/wrap-tests-with-act
An update to StoreProvider inside a test was not wrapped in 
act(...).

When testing, code that causes React state updates should be 
wrapped into act(...):

act(() => {
  /* fire events that update state */
});
/* assert on the output */

This ensures that you're testing the behavior the user would 
see in the browser. Learn more at 
https://react.dev/link/wrap-tests-with-act
An update to StoreProvider inside a test was not wrapped in 
act(...).

When testing, code that causes React state updates should be 
wrapped into act(...):

act(() => {
  /* fire events that update state */
});
/* assert on the output */

This ensures that you're testing the behavior the user would 
see in the browser. Learn more at 
https://react.dev/link/wrap-tests-with-act
An update to StoreProvider inside a test was not wrapped in 
act(...).

When testing, code that causes React state updates should be 
wrapped into act(...):

act(() => {
  /* fire events that update state */
});
/* assert on the output */

This ensures that you're testing the behavior the user would 
see in the browser. Learn more at 
https://react.dev/link/wrap-tests-with-act
An update to StoreProvider inside a test was not wrapped in 
act(...).

When testing, code that causes React state updates should be 
wrapped into act(...):

act(() => {
  /* fire events that update state */
});
/* assert on the output */

This ensures that you're testing the behavior the user would 
see in the browser. Learn more at 
https://react.dev/link/wrap-tests-with-act
An update to StoreProvider inside a test was not wrapped in 
act(...).

When testing, code that causes React state updates should be 
wrapped into act(...):

act(() => {
  /* fire events that update state */
});
/* assert on the output */

This ensures that you're testing the behavior the user would 
see in the browser. Learn more at 
https://react.dev/link/wrap-tests-with-act
An update to StoreProvider inside a test was not wrapped in 
act(...).

When testing, code that causes React state updates should be 
wrapped into act(...):

act(() => {
  /* fire events that update state */
});
/* assert on the output */

This ensures that you're testing the behavior the user would 
see in the browser. Learn more at 
https://react.dev/link/wrap-tests-with-act

[90mstderr[2m | context/StoreContext.test.tsx[2m > 
[22m[2mStoreContext[2m > [22m[2mImport/Export Data 
Serialization[2m > [22m[2mshould export data as a JSON 
string
[22m[39mAn update to StoreProvider inside a test was not 
wrapped in act(...).

When testing, code that causes React state updates should be 
wrapped into act(...):

act(() => {
  /* fire events that update state */
});
/* assert on the output */

This ensures that you're testing the behavior the user would 
see in the browser. Learn more at 
https://react.dev/link/wrap-tests-with-act
An update to StoreProvider inside a test was not wrapped in 
act(...).

When testing, code that causes React state updates should be 
wrapped into act(...):

act(() => {
  /* fire events that update state */
});
/* assert on the output */

This ensures that you're testing the behavior the user would 
see in the browser. Learn more at 
https://react.dev/link/wrap-tests-with-act
An update to StoreProvider inside a test was not wrapped in 
act(...).

When testing, code that causes React state updates should be 
wrapped into act(...):

act(() => {
  /* fire events that update state */
});
/* assert on the output */

This ensures that you're testing the behavior the user would 
see in the browser. Learn more at 
https://react.dev/link/wrap-tests-with-act
An update to StoreProvider inside a test was not wrapped in 
act(...).

When testing, code that causes React state updates should be 
wrapped into act(...):

act(() => {
  /* fire events that update state */
});
/* assert on the output */

This ensures that you're testing the behavior the user would 
see in the browser. Learn more at 
https://react.dev/link/wrap-tests-with-act
An update to StoreProvider inside a test was not wrapped in 
act(...).

When testing, code that causes React state updates should be 
wrapped into act(...):

act(() => {
  /* fire events that update state */
});
/* assert on the output */

This ensures that you're testing the behavior the user would 
see in the browser. Learn more at 
https://react.dev/link/wrap-tests-with-act
An update to StoreProvider inside a test was not wrapped in 
act(...).

When testing, code that causes React state updates should be 
wrapped into act(...):

act(() => {
  /* fire events that update state */
});
/* assert on the output */

This ensures that you're testing the behavior the user would 
see in the browser. Learn more at 
https://react.dev/link/wrap-tests-with-act
An update to StoreProvider inside a test was not wrapped in 
act(...).

When testing, code that causes React state updates should be 
wrapped into act(...):

act(() => {
  /* fire events that update state */
});
/* assert on the output */

This ensures that you're testing the behavior the user would 
see in the browser. Learn more at 
https://react.dev/link/wrap-tests-with-act
An update to StoreProvider inside a test was not wrapped in 
act(...).

When testing, code that causes React state updates should be 
wrapped into act(...):

act(() => {
  /* fire events that update state */
});
/* assert on the output */

This ensures that you're testing the behavior the user would 
see in the browser. Learn more at 
https://react.dev/link/wrap-tests-with-act
An update to StoreProvider inside a test was not wrapped in 
act(...).

When testing, code that causes React state updates should be 
wrapped into act(...):

act(() => {
  /* fire events that update state */
});
/* assert on the output */

This ensures that you're testing the behavior the user would 
see in the browser. Learn more at 
https://react.dev/link/wrap-tests-with-act
An update to StoreProvider inside a test was not wrapped in 
act(...).

When testing, code that causes React state updates should be 
wrapped into act(...):

act(() => {
  /* fire events that update state */
});
/* assert on the output */

This ensures that you're testing the behavior the user would 
see in the browser. Learn more at 
https://react.dev/link/wrap-tests-with-act
An update to StoreProvider inside a test was not wrapped in 
act(...).

When testing, code that causes React state updates should be 
wrapped into act(...):

act(() => {
  /* fire events that update state */
});
/* assert on the output */

This ensures that you're testing the behavior the user would 
see in the browser. Learn more at 
https://react.dev/link/wrap-tests-with-act
An update to StoreProvider inside a test was not wrapped in 
act(...).

When testing, code that causes React state updates should be 
wrapped into act(...):

act(() => {
  /* fire events that update state */
});
/* assert on the output */

This ensures that you're testing the behavior the user would 
see in the browser. Learn more at 
https://react.dev/link/wrap-tests-with-act
An update to StoreProvider inside a test was not wrapped in 
act(...).

When testing, code that causes React state updates should be 
wrapped into act(...):

act(() => {
  /* fire events that update state */
});
/* assert on the output */

This ensures that you're testing the behavior the user would 
see in the browser. Learn more at 
https://react.dev/link/wrap-tests-with-act
An update to StoreProvider inside a test was not wrapped in 
act(...).

When testing, code that causes React state updates should be 
wrapped into act(...):

act(() => {
  /* fire events that update state */
});
/* assert on the output */

This ensures that you're testing the behavior the user would 
see in the browser. Learn more at 
https://react.dev/link/wrap-tests-with-act

[90mstderr[2m | context/StoreContext.test.tsx[2m > 
[22m[2mStoreContext[2m > [22m[2mImport/Export Data 
Serialization[2m > [22m[2mshould import data correctly 
from JSON string
[22m[39mAn update to StoreProvider inside a test was not 
wrapped in act(...).

When testing, code that causes React state updates should be 
wrapped into act(...):

act(() => {
  /* fire events that update state */
});
/* assert on the output */

This ensures that you're testing the behavior the user would 
see in the browser. Learn more at 
https://react.dev/link/wrap-tests-with-act
An update to StoreProvider inside a test was not wrapped in 
act(...).

When testing, code that causes React state updates should be 
wrapped into act(...):

act(() => {
  /* fire events that update state */
});
/* assert on the output */

This ensures that you're testing the behavior the user would 
see in the browser. Learn more at 
https://react.dev/link/wrap-tests-with-act
An update to StoreProvider inside a test was not wrapped in 
act(...).

When testing, code that causes React state updates should be 
wrapped into act(...):

act(() => {
  /* fire events that update state */
});
/* assert on the output */

This ensures that you're testing the behavior the user would 
see in the browser. Learn more at 
https://react.dev/link/wrap-tests-with-act
An update to StoreProvider inside a test was not wrapped in 
act(...).

When testing, code that causes React state updates should be 
wrapped into act(...):

act(() => {
  /* fire events that update state */
});
/* assert on the output */

This ensures that you're testing the behavior the user would 
see in the browser. Learn more at 
https://react.dev/link/wrap-tests-with-act
An update to StoreProvider inside a test was not wrapped in 
act(...).

When testing, code that causes React state updates should be 
wrapped into act(...):

act(() => {
  /* fire events that update state */
});
/* assert on the output */

This ensures that you're testing the behavior the user would 
see in the browser. Learn more at 
https://react.dev/link/wrap-tests-with-act
An update to StoreProvider inside a test was not wrapped in 
act(...).

When testing, code that causes React state updates should be 
wrapped into act(...):

act(() => {
  /* fire events that update state */
});
/* assert on the output */

This ensures that you're testing the behavior the user would 
see in the browser. Learn more at 
https://react.dev/link/wrap-tests-with-act
An update to StoreProvider inside a test was not wrapped in 
act(...).

When testing, code that causes React state updates should be 
wrapped into act(...):

act(() => {
  /* fire events that update state */
});
/* assert on the output */

This ensures that you're testing the behavior the user would 
see in the browser. Learn more at 
https://react.dev/link/wrap-tests-with-act
An update to StoreProvider inside a test was not wrapped in 
act(...).

When testing, code that causes React state updates should be 
wrapped into act(...):

act(() => {
  /* fire events that update state */
});
/* assert on the output */

This ensures that you're testing the behavior the user would 
see in the browser. Learn more at 
https://react.dev/link/wrap-tests-with-act
An update to StoreProvider inside a test was not wrapped in 
act(...).

When testing, code that causes React state updates should be 
wrapped into act(...):

act(() => {
  /* fire events that update state */
});
/* assert on the output */

This ensures that you're testing the behavior the user would 
see in the browser. Learn more at 
https://react.dev/link/wrap-tests-with-act
An update to StoreProvider inside a test was not wrapped in 
act(...).

When testing, code that causes React state updates should be 
wrapped into act(...):

act(() => {
  /* fire events that update state */
});
/* assert on the output */

This ensures that you're testing the behavior the user would 
see in the browser. Learn more at 
https://react.dev/link/wrap-tests-with-act
An update to StoreProvider inside a test was not wrapped in 
act(...).

When testing, code that causes React state updates should be 
wrapped into act(...):

act(() => {
  /* fire events that update state */
});
/* assert on the output */

This ensures that you're testing the behavior the user would 
see in the browser. Learn more at 
https://react.dev/link/wrap-tests-with-act
An update to StoreProvider inside a test was not wrapped in 
act(...).

When testing, code that causes React state updates should be 
wrapped into act(...):

act(() => {
  /* fire events that update state */
});
/* assert on the output */

This ensures that you're testing the behavior the user would 
see in the browser. Learn more at 
https://react.dev/link/wrap-tests-with-act
An update to StoreProvider inside a test was not wrapped in 
act(...).

When testing, code that causes React state updates should be 
wrapped into act(...):

act(() => {
  /* fire events that update state */
});
/* assert on the output */

This ensures that you're testing the behavior the user would 
see in the browser. Learn more at 
https://react.dev/link/wrap-tests-with-act
An update to StoreProvider inside a test was not wrapped in 
act(...).

When testing, code that causes React state updates should be 
wrapped into act(...):

act(() => {
  /* fire events that update state */
});
/* assert on the output */

This ensures that you're testing the behavior the user would 
see in the browser. Learn more at 
https://react.dev/link/wrap-tests-with-act

[90mstderr[2m | context/StoreContext.test.tsx[2m > 
[22m[2mStoreContext[2m > [22m[2mImport/Export Data 
Serialization[2m > [22m[2mshould return false when 
importing invalid JSON
[22m[39mImport failed SyntaxError: Unexpected token 'i', 
"invalid json" is not valid JSON
    at JSON.parse (<anonymous>)
    at Object.importData (C:/Users/Dell/Desktop/hoard-lavish-e
rp/context/StoreContext.tsx:574:25)
    at C:/Users/Dell/Desktop/hoard-lavish-erp/context/StoreCon
text.test.tsx:123:42
    at [90mC:\Users\Dell\Desktop\hoard-lavish-erp\[39mnode_m
odules\[4m@testing-library[24m\react\dist\act-compat.js:47:2
4
    at process.env.NODE_ENV.exports.act [90m(C:\Users\Dell\De
sktop\hoard-lavish-erp\[39mnode_modules\[4mreact[24m\cjs\re
act.development.js:814:22[90m)[39m
    at Proxy.<anonymous> [90m(C:\Users\Dell\Desktop\hoard-lav
ish-erp\[39mnode_modules\[4m@testing-library[24m\react\dist
\act-compat.js:46:25[90m)[39m
    at C:/Users/Dell/Desktop/hoard-lavish-erp/context/StoreCon
text.test.tsx:122:13
    at [90mfile:///C:/Users/Dell/Desktop/hoard-lavish-erp/[3
9mnode_modules/[4m@vitest[24m/runner/dist/index.js:145:11
    at [90mfile:///C:/Users/Dell/Desktop/hoard-lavish-erp/[3
9mnode_modules/[4m@vitest[24m/runner/dist/index.js:915:26
    at [90mfile:///C:/Users/Dell/Desktop/hoard-lavish-erp/[3
9mnode_modules/[4m@vitest[24m/runner/dist/index.js:1243:20

[90mstderr[2m | context/StoreContext.test.tsx[2m > 
[22m[2mStoreContext[2m > [22m[2mImport/Export Data 
Serialization[2m > [22m[2mshould return false when 
importing invalid JSON
[22m[39mAn update to StoreProvider inside a test was not 
wrapped in act(...).

When testing, code that causes React state updates should be 
wrapped into act(...):

act(() => {
  /* fire events that update state */
});
/* assert on the output */

This ensures that you're testing the behavior the user would 
see in the browser. Learn more at 
https://react.dev/link/wrap-tests-with-act
 [32mΓ£ô[39m context/StoreContext.test.tsx [2m([22m[2m4 tests[22m[2m)[22m[32m 57[2mms[22m[39m
An update to StoreProvider inside a test was not wrapped in 
act(...).

When testing, code that causes React state updates should be 
wrapped into act(...):

act(() => {
  /* fire events that update state */
});
/* assert on the output */

This ensures that you're testing the behavior the user would 
see in the browser. Learn more at 
https://react.dev/link/wrap-tests-with-act
An update to StoreProvider inside a test was not wrapped in 
act(...).

When testing, code that causes React state updates should be 
wrapped into act(...):

act(() => {
  /* fire events that update state */
});
/* assert on the output */

This ensures that you're testing the behavior the user would 
see in the browser. Learn more at 
https://react.dev/link/wrap-tests-with-act
An update to StoreProvider inside a test was not wrapped in 
act(...).

When testing, code that causes React state updates should be 
wrapped into act(...):

act(() => {
  /* fire events that update state */
});
/* assert on the output */

This ensures that you're testing the behavior the user would 
see in the browser. Learn more at 
https://react.dev/link/wrap-tests-with-act
An update to StoreProvider inside a test was not wrapped in 
act(...).

When testing, code that causes React state updates should be 
wrapped into act(...):

act(() => {
  /* fire events that update state */
});
/* assert on the output */

This ensures that you're testing the behavior the user would 
see in the browser. Learn more at 
https://react.dev/link/wrap-tests-with-act
An update to StoreProvider inside a test was not wrapped in 
act(...).

When testing, code that causes React state updates should be 
wrapped into act(...):

act(() => {
  /* fire events that update state */
});
/* assert on the output */

This ensures that you're testing the behavior the user would 
see in the browser. Learn more at 
https://react.dev/link/wrap-tests-with-act
An update to StoreProvider inside a test was not wrapped in 
act(...).

When testing, code that causes React state updates should be 
wrapped into act(...):

act(() => {
  /* fire events that update state */
});
/* assert on the output */

This ensures that you're testing the behavior the user would 
see in the browser. Learn more at 
https://react.dev/link/wrap-tests-with-act
An update to StoreProvider inside a test was not wrapped in 
act(...).

When testing, code that causes React state updates should be 
wrapped into act(...):

act(() => {
  /* fire events that update state */
});
/* assert on the output */

This ensures that you're testing the behavior the user would 
see in the browser. Learn more at 
https://react.dev/link/wrap-tests-with-act
An update to StoreProvider inside a test was not wrapped in 
act(...).

When testing, code that causes React state updates should be 
wrapped into act(...):

act(() => {
  /* fire events that update state */
});
/* assert on the output */

This ensures that you're testing the behavior the user would 
see in the browser. Learn more at 
https://react.dev/link/wrap-tests-with-act
An update to StoreProvider inside a test was not wrapped in 
act(...).

When testing, code that causes React state updates should be 
wrapped into act(...):

act(() => {
  /* fire events that update state */
});
/* assert on the output */

This ensures that you're testing the behavior the user would 
see in the browser. Learn more at 
https://react.dev/link/wrap-tests-with-act
An update to StoreProvider inside a test was not wrapped in 
act(...).

When testing, code that causes React state updates should be 
wrapped into act(...):

act(() => {
  /* fire events that update state */
});
/* assert on the output */

This ensures that you're testing the behavior the user would 
see in the browser. Learn more at 
https://react.dev/link/wrap-tests-with-act
An update to StoreProvider inside a test was not wrapped in 
act(...).

When testing, code that causes React state updates should be 
wrapped into act(...):

act(() => {
  /* fire events that update state */
});
/* assert on the output */

This ensures that you're testing the behavior the user would 
see in the browser. Learn more at 
https://react.dev/link/wrap-tests-with-act
An update to StoreProvider inside a test was not wrapped in 
act(...).

When testing, code that causes React state updates should be 
wrapped into act(...):

act(() => {
  /* fire events that update state */
});
/* assert on the output */

This ensures that you're testing the behavior the user would 
see in the browser. Learn more at 
https://react.dev/link/wrap-tests-with-act
An update to StoreProvider inside a test was not wrapped in 
act(...).

When testing, code that causes React state updates should be 
wrapped into act(...):

act(() => {
  /* fire events that update state */
});
/* assert on the output */


[2m Test Files [22m [1m[31m1 failed[39m[22m[2m | [22m[1m[32m5 passed[39m[22m[90m (6)[39m
[2m      Tests [22m [1m[31m2 failed[39m[22m[2m | [22m[1m[32m28 passed[39m[22m[90m (30)[39m
[2m   Start at [22m 10:29:55
[2m   Duration [22m 3.49s[2m (transform 935ms, setup 1.70s, import 1.28s, tests 149ms, environment 13.38s)[22m

This ensures that you're testing the behavior the user would 
see in the browser. Learn more at 
https://react.dev/link/wrap-tests-with-act


[31mΓÄ»ΓÄ»ΓÄ»ΓÄ»ΓÄ»ΓÄ»ΓÄ»[39m[1m[41m Failed Tests 2 
[49m[22m[31mΓÄ»ΓÄ»ΓÄ»ΓÄ»ΓÄ»ΓÄ»ΓÄ»[39m

[41m[1m FAIL [22m[49m 
services/supabaseService.test.ts[2m > [22mSupabase Service 
Data Mappers[2m > [22mshould map flat DB row to Product 
object
[31m[1mAssertionError[22m: expected { id: 'prod-1', name: 
'Item A', ΓÇª(12) } to deeply equal { id: 'prod-1', name: 
'Item A', ΓÇª(11) }[39m

[32m- Expected[39m
[31m+ Received[39m

[33m@@ -1,14 +1,12 @@[39m
[2m  {[22m
[32m-   "branchStock": {[39m
[32m-     "b1": 15,[39m
[32m-     "b2": 20,[39m
[32m-   },[39m
[31m+   "branchStock": {},[39m
[2m    "brand": undefined,[22m
[32m-   "category": "cat-1",[39m
[31m+   "category": undefined,[39m
[2m    "color": "",[22m
[2m    "costPrice": 50,[22m
[31m+   "description": undefined,[39m
[2m    "id": "prod-1",[22m
[2m    "imageUrl": "http://img.com/1",[22m
[2m    "minStockLevel": 10,[22m
[2m    "name": "Item A",[22m
[2m    "price": 100.5,[22m

[36m [2mΓ¥»[22m 
services/supabaseService.test.ts:[2m32:25[22m[39m
    [90m 30| [39m        [35mconst[39m product 
[33m=[39m [34mmapProduct[39m(dbRow)[33m;[39m
    [90m 31| [39m
    [90m 32| [39m        
[34mexpect[39m(product)[33m.[39m[34mtoEqual[39m({
    [90m   | [39m                        [31m^[39m
    [90m 33| [39m            id[33m:[39m 
[32m'prod-1'[39m[33m,[39m
    [90m 34| [39m            name[33m:[39m [32m'Item 
A'[39m[33m,[39m

[31m[2mΓÄ»ΓÄ»ΓÄ»ΓÄ»ΓÄ»ΓÄ»ΓÄ»ΓÄ»ΓÄ»ΓÄ»ΓÄ»ΓÄ»ΓÄ»ΓÄ»ΓÄ»ΓÄ»ΓÄ»ΓÄ
»ΓÄ»ΓÄ»ΓÄ»ΓÄ»ΓÄ»ΓÄ»[1/2]ΓÄ»[22m[39m

[41m[1m FAIL [22m[49m 
services/supabaseService.test.ts[2m > [22mSupabase Service 
Data Mappers[2m > [22mshould map flat DB row to Customer 
object
[31m[1mAssertionError[22m: expected { id: 'c1', name: 
'Cust A', ΓÇª(4) } to deeply equal { id: 'c1', name: 'Cust 
A', ΓÇª(4) }[39m

[32m- Expected[39m
[31m+ Received[39m

[33m@@ -1,7 +1,7 @@[39m
[2m  {[22m
[32m-   "address": "123 St",[39m
[31m+   "email": undefined,[39m
[2m    "id": "c1",[22m
[2m    "loyaltyPoints": 50,[22m
[2m    "name": "Cust A",[22m
[2m    "phone": "1234",[22m
[2m    "totalSpent": 1000,[22m

[36m [2mΓ¥»[22m 
services/supabaseService.test.ts:[2m59:26[22m[39m
    [90m 57| [39m        const dbRow = { id: 'c1', name: 
'Cust A', phone: '1234', addreΓÇª
    [90m 58| [39m        [35mconst[39m customer 
[33m=[39m [34mmapCustomer[39m(dbRow)[33m;[39m
    [90m 59| [39m        
[34mexpect[39m(customer)[33m.[39m[34mtoEqual[39m({
    [90m   | [39m                         [31m^[39m
    [90m 60| [39m            id[33m:[39m 
[32m'c1'[39m[33m,[39m name[33m:[39m [32m'Cust 
A'[39m[33m,[39m phone[33m:[39m 
[32m'1234'[39m[33m,[39m address[33m:[39m [32m'123 
St'[39m[33m,[39m
    [90m 61| [39m            loyaltyPoints[33m:[39m 
[34m50[39m[33m,[39m totalSpent[33m:[39m [34m1000[39m

[31m[2mΓÄ»ΓÄ»ΓÄ»ΓÄ»ΓÄ»ΓÄ»ΓÄ»ΓÄ»ΓÄ»ΓÄ»ΓÄ»ΓÄ»ΓÄ»ΓÄ»ΓÄ»ΓÄ»ΓÄ»ΓÄ
»ΓÄ»ΓÄ»ΓÄ»ΓÄ»ΓÄ»ΓÄ»[2/2]ΓÄ»[22m[39m

